// Jest Snapshot v1, https://goo.gl/fbAQLP

exports[`LateHealthReimbursement should return the good push content 1`] = `"1 remboursement de santé en retard"`;

exports[`LateHealthReimbursement should return the good push content 2`] = `"2 remboursements de santé en retard"`;

exports[`LateHealthReimbursement should return the good push content 3`] = `"1 late health reimbursement"`;

exports[`LateHealthReimbursement should return the good push content 4`] = `"2 late health reimbursements"`;
