// Jest Snapshot v1, https://goo.gl/fbAQLP

exports[`transaction action menu should render correctly depsantecla3  1`] = `Array []`;

exports[`transaction action menu should render correctly depsantegene4  1`] = `Array []`;

exports[`transaction action menu should render correctly depsanteisa2  1`] = `Array []`;

exports[`transaction action menu should render correctly depsantelou1  1`] = `Array []`;

exports[`transaction action menu should render correctly edf  1`] = `Array []`;

exports[`transaction action menu should render correctly facturebouygues  1`] = `Array []`;

exports[`transaction action menu should render correctly fnac  1`] = `Array []`;

exports[`transaction action menu should render correctly maintenance  1`] = `Array []`;

exports[`transaction action menu should render correctly normalshopping  1`] = `Array []`;

exports[`transaction action menu should render correctly paiementdocteur  1`] = `Array []`;

exports[`transaction action menu should render correctly paiementdocteur2  1`] = `Array []`;

exports[`transaction action menu should render correctly remboursementcomplementaire remboursementcomplementaire konnector installed 1`] = `Array []`;

exports[`transaction action menu should render correctly remboursementcomplementaire remboursementcomplementaire konnector not installed 1`] = `Array []`;

exports[`transaction action menu should render correctly salaireisa1  1`] = `Array []`;
