// Jest Snapshot v1, https://goo.gl/fbAQLP

exports[`transaction modal should render correctly 1`] = `
"<div class=\\"styles__c-modal-container___31zmi\\">
  <div class=\\"styles__c-overlay___31iWd\\">
    <div class=\\"styles__c-modal-wrapper___8PyE9\\">
      <div class=\\"styles__c-modal___33aV9 styles__c-modal--small___XUfOM styles__c-modal--overflowHidden___3H87t styles__c-modal--closable___29CLQ\\" role=\\"dialog\\" aria-modal=\\"true\\" aria-label=\\"Transaction infos\\"><button class=\\"styles__c-modal-close___1v2bp styles__c-modal-close--notitle___1rqne\\" type=\\"button\\" aria-label=\\"close\\"><svg class=\\"styles__icon___23x3R\\" style=\\"fill: var(--coolGrey);\\" width=\\"24\\" height=\\"24\\">
            <use xlink:href=\\"#cross\\"></use>
          </svg></button>
        <div>
          <div class=\\"styles__c-modal-header___hTCm5 Page__header\\">
            <div class=\\"\\"><span class=\\"Figure__Figure-total___MZ7Xt\\">-77.50</span><span class=\\"Figure__Figure-currency___195-B Figure__Figure__currency--withSpacing___2eXTy\\">€</span></div>
          </div>
          <div class=\\"Separated\\">
            <div class=\\"styles__media___cSJMp styles__media--top___K9w0I TransactionModalRow u-row-m\\">
              <div class=\\"styles__img___3SHpG u-ph-half\\"><svg class=\\"TransactionModalRowIcon-reversed styles__icon___23x3R\\" width=\\"16\\" height=\\"16\\">
                  <use xlink:href=\\"#test-file-stub\\"></use>
                </svg></div>
              <div class=\\"styles__bd___1Uv-F u-stack-xs\\">
                <div class=\\"TransactionLabel\\">Edf Particuliers</div>
                <div>
                  <div class=\\"TransactionInfo\\"><span class=\\"TransactionInfoLabel\\">Date :</span>Saturday 26 August</div>
                </div>
              </div>
            </div>
            <div class=\\"styles__media___cSJMp TransactionModalRow u-row-m TransactionModalRow-clickable u-c-pointer\\">
              <div class=\\"styles__img___3SHpG\\"></div>
              <div class=\\"styles__bd___1Uv-F\\">Power</div>
              <div class=\\"styles__img___3SHpG\\"><svg class=\\"styles__icon___23x3R\\" style=\\"fill: var(--coolGrey);\\" width=\\"16\\" height=\\"16\\">
                  <use xlink:href=\\"#right\\"></use>
                </svg></div>
            </div>
            <div class=\\"styles__media___cSJMp TransactionModalRow u-row-m TransactionModalRow-clickable u-c-pointer\\">
              <div class=\\"styles__img___3SHpG u-ph-half\\"><svg class=\\"styles__icon___23x3R\\" width=\\"16\\" height=\\"16\\">
                  <use xlink:href=\\"#test-file-stub\\"></use>
                </svg></div>
              <div class=\\"styles__bd___1Uv-F\\">Assigned to Aug 2017</div>
              <div class=\\"styles__img___3SHpG\\"><svg class=\\"styles__icon___23x3R\\" style=\\"fill: var(--coolGrey);\\" width=\\"16\\" height=\\"16\\">
                  <use xlink:href=\\"#right\\"></use>
                </svg></div>
            </div>
            <div class=\\"styles__media___cSJMp TransactionModalRow u-row-m TransactionModalRow-clickable u-c-pointer\\">
              <div class=\\"styles__img___3SHpG\\">
                <div class=\\"styles__img___3SHpG u-ph-half\\"><svg class=\\"styles__icon___23x3R\\" width=\\"16\\" height=\\"16\\">
                    <use xlink:href=\\"#test-file-stub\\"></use>
                  </svg></div>
              </div>
              <div class=\\"styles__bd___1Uv-F\\">
                <div>Occasional transaction</div>
              </div>
              <div class=\\"styles__img___3SHpG\\"><svg class=\\"styles__icon___23x3R\\" style=\\"fill: var(--coolGrey);\\" width=\\"16\\" height=\\"16\\">
                  <use xlink:href=\\"#right\\"></use>
                </svg></div>
            </div>
          </div>
        </div>
      </div>
    </div>
  </div>
</div>"
`;
