// Jest Snapshot v1, https://goo.gl/fbAQLP

exports[`trigger error card should render correctly 1`] = `
<TriggerErrorCard
  breakpoints={
    Object {
      "isMobile": true,
    }
  }
  count={1}
  index={0}
  t={[Function]}
  trigger={
    Object {
      "current_state": Object {
        "last_error": "LOGIN_FAILED",
      },
      "message": Object {
        "account": "1234",
        "konnector": "boursorama83",
      },
    }
  }
>
  <Infos
    actionButton={
      <ButtonLink
        className="u-mh-0"
        extension="full"
        href="http://redirection"
        icon="openwith"
        label="Transactions.trigger-error.cta"
        tag="a"
        theme="secondary"
      />
    }
    className="u-bdrs-0 u-maw-none u-p-1-half "
    icon="warning"
    isImportant={true}
    text={
      <div>
        Transactions.trigger-error.description
      </div>
    }
    title="Incorrect or expired credentials"
  >
    <div
      className="styles__Infos___2ZZVs u-flex u-flex-column u-p-1 u-mih-2 u-flex-justify-center u-ta-left u-stack-m u-bg-chablis u-bdrs-0 u-maw-none u-p-1-half "
    >
      <SubTitle
        className="u-pomegranate"
        ellipsis={false}
        tag="div"
      >
        <BaseText
          className="u-title-h3 u-pomegranate"
          ellipsis={false}
          tag="div"
        >
          <div
            className="u-title-h3 u-pomegranate"
          >
            Incorrect or expired credentials
          </div>
        </BaseText>
      </SubTitle>
      <div
        className="u-flex u-w-100"
      >
        <Icon
          className="styles__Infos__icon___1IdYS u-w-1 u-h-1 u-flex-shrink-0"
          icon="warning"
          spin={false}
        >
          <Component
            className="styles__Infos__icon___1IdYS u-w-1 u-h-1 u-flex-shrink-0 styles__icon___23x3R"
            height="16"
            style={Object {}}
            width="16"
          >
            <svg
              className="styles__Infos__icon___1IdYS u-w-1 u-h-1 u-flex-shrink-0 styles__icon___23x3R"
              height="16"
              style={Object {}}
              width="16"
            >
              <use
                xlinkHref="#warning"
              />
            </svg>
          </Component>
        </Icon>
        <Text
          className="u-ta-left u-pl-half"
          ellipsis={false}
          tag="div"
        >
          <BaseText
            className="u-text u-ta-left u-pl-half"
            ellipsis={false}
            tag="div"
          >
            <div
              className="u-text u-ta-left u-pl-half"
            >
              <div>
                Transactions.trigger-error.description
              </div>
            </div>
          </BaseText>
        </Text>
      </div>
      <div
        className="u-flex-shrink-0"
      >
        <ButtonLink
          className="u-mh-0"
          extension="full"
          href="http://redirection"
          icon="openwith"
          label="Transactions.trigger-error.cta"
          tag="a"
          theme="secondary"
        >
          <BaseButton
            className="u-mh-0"
            extension="full"
            href="http://redirection"
            icon="openwith"
            label="Transactions.trigger-error.cta"
            tag="a"
            theme="secondary"
          >
            <a
              className="styles__c-btn___-2Vnj styles__c-btn--secondary___3Br_N styles__c-btn--full___2VmR1 u-mh-0"
              href="http://redirection"
              title={null}
            >
              <span>
                <Icon
                  aria-hidden={true}
                  focusable="false"
                  icon="openwith"
                  spin={false}
                >
                  <Component
                    aria-hidden={true}
                    className="styles__icon___23x3R"
                    focusable="false"
                    height="16"
                    style={Object {}}
                    width="16"
                  >
                    <svg
                      aria-hidden={true}
                      className="styles__icon___23x3R"
                      focusable="false"
                      height="16"
                      style={Object {}}
                      width="16"
                    >
                      <use
                        xlinkHref="#openwith"
                      />
                    </svg>
                  </Component>
                </Icon>
                <span
                  className={null}
                >
                  Transactions.trigger-error.cta
                </span>
              </span>
            </a>
          </BaseButton>
        </ButtonLink>
      </div>
    </div>
  </Infos>
</TriggerErrorCard>
`;
