// Jest Snapshot v1, https://goo.gl/fbAQLP

exports[`trigger error card should render correctly 1`] = `
<Memo()
  actionButton={
    <ButtonLink
      className="u-mh-0"
      extension="full"
      href="http://redirection"
      icon="openwith"
      label="Transactions.trigger-error.cta"
      tag="a"
      theme="secondary"
    />
  }
  className="u-bdrs-0 u-maw-none u-p-1-half "
  icon="warning"
  isImportant={true}
  text={
    <div>
      Transactions.trigger-error.description
    </div>
  }
  title="Incorrect or expired credentials"
/>
`;
