// Jest Snapshot v1, https://goo.gl/fbAQLP

exports[`trigger error card should render correctly 1`] = `
<TriggerErrorCard
  breakpoints={
    Object {
      "isMobile": true,
    }
  }
  count={1}
  index={0}
  trigger={
    Object {
      "current_state": Object {
        "last_error": "LOGIN_FAILED",
      },
      "message": Object {
        "account": "1234",
        "konnector": "boursorama83",
      },
    }
  }
/>
`;
