// Jest Snapshot v1, https://goo.gl/fbAQLP

exports[`Prepublish script check for undefined mandatory options 1`] = `"appSlug cannot be undefined"`;

exports[`Prepublish script generates sha256 1`] = `
Object {
  "appBuildUrl": "http://example.mock",
  "appSlug": "cozy-mock",
  "appType": "webapp",
  "appVersion": "0.0.1",
  "buildCommit": undefined,
  "registryEditor": "Cozy",
  "registryToken": "a5464f54e654c6546b54a56a",
  "registryUrl": "http://registry.mock/",
  "sha256Sum": "e3b0c44298fc1c149afbf4c8996fb92427ae41e4649b934ca495991b7852b855",
  "spaceName": undefined,
}
`;

exports[`Prepublish script runs without errors with built-in hook 1`] = `
Object {
  "appBuildUrl": "http://example.mock",
  "appSlug": "cozy-mock",
  "appType": "webapp",
  "appVersion": "0.0.1",
  "buildCommit": undefined,
  "registryEditor": "Cozy",
  "registryToken": "a5464f54e654c6546b54a56a",
  "registryUrl": "http://registry.mock/",
  "sha256Sum": "e3b0c44298fc1c149afbf4c8996fb92427ae41e4649b934ca495991b7852b855",
  "spaceName": undefined,
}
`;

exports[`Prepublish script sanitize options from hook script 1`] = `
Object {
  "appBuildUrl": "http://example.mock",
  "appSlug": "cozy-mock",
  "appType": "webapp",
  "appVersion": "0.0.1",
  "buildCommit": undefined,
  "registryEditor": "Cozy",
  "registryToken": "a5464f54e654c6546b54a56a",
  "registryUrl": "http://registry.mock/",
  "sha256Sum": "e3b0c44298fc1c149afbf4c8996fb92427ae41e4649b934ca495991b7852b855",
  "spaceName": undefined,
}
`;
