// Jest Snapshot v1, https://goo.gl/fbAQLP

exports[`RunHooks handles hook 1`] = `
Object {
  "appBuildUrl": "http://cozy.io",
  "appSlug": "cozy-mock",
  "appType": "webapp",
  "appVersion": "0.0.1",
  "registryEditor": "Cozy",
  "registryToken": "a5464f54e654c6546b54a56a",
  "registryUrl": "http://registry.mock/",
}
`;

exports[`RunHooks throws error on invalid prepublish hook path 1`] = `[Error: postpublish hooks failed]`;

exports[`RunHooks throws error when prepublish hook throws error 1`] = `[Error: prepublish hooks failed]`;
