// Jest Snapshot v1, https://goo.gl/fbAQLP

exports[`recurrence bundles (without existing recurrence) brand should find new bundles (split brand necessary) 1`] = `
"
75 Netflix Com                                     |     -11.99 |     10 operations |  from 2020-09-01 to 2021-06-01 |      30
Spotify P 127537 A 66                              |     -14.99 |      7 operations |  from 2020-10-01 to 2021-04-01 |      30"
`;

exports[`recurrence bundles (without existing recurrence) should find new bundles (fixtures1) 1`] = `
"
Cozy Cloud                                         |    3963.13 |      3 operations |  from 2018-06-01 to 2018-09-28 |    59.5
Echeance Pret 03103 61893938                       |   -1281.82 |     11 operations |  from 2019-03-05 to 2020-01-06 |      31
Edf Clients Particuliers                           |      -36.6 |     11 operations |  from 2018-08-24 to 2019-06-24 |      31
Free Mobile                                        |     -17.99 |     15 operations |  from 2018-05-22 to 2020-01-20 |    31.5
Free Telecom                                       |     -31.98 |     20 operations |  from 2018-05-07 to 2020-02-06 |      30
Navigo Annuel Gie Comutitres                       |      -75.2 |     20 operations |  from 2018-06-04 to 2020-03-03 |      31
Paypal Europe S A R L Et Cie S C A Ech             |     -13.99 |      4 operations |  from 2018-05-29 to 2018-10-30 |      32
Vr Permanent Bourso                                |        -60 |     22 operations |  from 2018-06-04 to 2020-03-02 |      31
Vr Permanent Loyer Douillet                        |    -913.01 |     11 operations |  from 2018-06-04 to 2019-04-03 |      31"
`;

exports[`recurrence bundles (without existing recurrence) should find new bundles (fixtures3) 1`] = `
"
Sepa Mlle Durand Genevieve                         |        -10 |     12 operations |  from 2020-11-30 to 2021-05-31 |       0"
`;
