// Jest Snapshot v1, https://goo.gl/fbAQLP

exports[`recurrence bundles should find new bundles (split brand necessary) 1`] = `
"75 Netflix Com                                     |        -11 |     10 operations |  from 2020-09-01 to 2021-06-01 |      30
Spotify P 127537 A 66                              |        -14 |      7 operations |  from 2020-10-01 to 2021-04-01 |      30"
`;

exports[`recurrence bundles should find new bundles 1`] = `
"Cozy Cloud                                         |       3963 |      3 operations |  from 2018-06-01 to 2018-09-28 |    59.5
Echeance Pret 03103 61893938                       |      -1281 |     11 operations |  from 2019-03-05 to 2020-01-06 |      31
Edf Clients Particuliers                           |        -36 |     11 operations |  from 2018-08-24 to 2019-06-24 |      31
Free Mobile                                        |        -17 |     15 operations |  from 2018-05-22 to 2020-01-20 |      30
Free Telecom                                       |        -31 |     20 operations |  from 2018-05-07 to 2020-02-06 |      30
Navigo Annuel Gie Comutitres                       |        -75 |     20 operations |  from 2018-06-04 to 2020-03-03 |      31
Paypal Europe S A R L Et Cie S C A Ech             |        -13 |      4 operations |  from 2018-05-29 to 2018-10-30 |      32
Vr Permanent Bourso                                |        -60 |     22 operations |  from 2018-06-04 to 2020-03-02 |      31
Vr Permanent Loyer Douillet                        |       -913 |     11 operations |  from 2018-06-04 to 2019-04-03 |      31"
`;

exports[`recurrence bundles should find new bundles 2`] = `"Sepa Mlle Durand Genevieve                         |        -10 |     12 operations |  from 2020-11-30 to 2021-05-31 |       0"`;

exports[`recurrence bundles should update existing bundles 1`] = `
"Cozy Cloud                                         |       3963 |      3 operations |  from 2018-06-01 to 2018-09-28 |    59.5
Edf Clients Particuliers                           |        -36 |      9 operations |  from 2018-08-24 to 2019-04-24 |      31
Free Telecom                                       |        -31 |     12 operations |  from 2018-05-07 to 2019-04-05 |      30
Navigo Annuel Gie Comutitres                       |        -75 |     10 operations |  from 2018-06-04 to 2019-04-03 |      31
Paypal Europe S A R L Et Cie S C A Ech             |        -13 |      4 operations |  from 2018-05-29 to 2018-10-30 |      32
Vr Permanent Bourso                                |        -60 |     11 operations |  from 2018-06-04 to 2019-04-02 |    30.5
Vr Permanent Loyer Douillet                        |       -913 |     11 operations |  from 2018-06-04 to 2019-04-03 |      31"
`;

exports[`recurrence bundles should update existing bundles 2`] = `
"Cozy Cloud                                         |       3963 |     13 operations |  from 2018-06-01 to 2020-02-28 |    31.5
Edf Clients Particuliers                           |        -36 |     11 operations |  from 2018-08-24 to 2019-06-24 |      31
Free Telecom                                       |        -31 |     25 operations |  from 2018-05-07 to 2020-03-06 |      30
Navigo Annuel Gie Comutitres                       |        -75 |     20 operations |  from 2018-06-04 to 2020-03-03 |      31
Paypal Europe S A R L Et Cie S C A Ech             |        -13 |      8 operations |  from 2018-05-29 to 2019-06-11 |      20
Vr Permanent Bourso                                |        -60 |     22 operations |  from 2018-06-04 to 2020-03-02 |      31
Vr Permanent Loyer Douillet                        |       -913 |     11 operations |  from 2018-06-04 to 2019-04-03 |    30.5"
`;
