// Jest Snapshot v1, https://goo.gl/fbAQLP

exports[`PageModal should render a Modal on tablet/desktop 1`] = `
<Modal
  closable={true}
  into="body"
  mobileFullscreen={false}
  overflowHidden={false}
  primaryType="regular"
  secondaryType="secondary"
  size="small"
  title="Hello world"
>
  This is a page modal
</Modal>
`;

exports[`PageModal should render a Page on mobile 1`] = `
<Page
  title="Hello world"
>
  This is a page modal
</Page>
`;
