// Jest Snapshot v1, https://goo.gl/fbAQLP

exports[`KonnectorErrors should hide errors when the konnector or account is missing 1`] = `
<div>
  <hr
    class="MuiDivider-root u-mv-0"
  />
</div>
`;

exports[`KonnectorErrors should render divider when all errors are muted 1`] = `
<div>
  <hr
    class="MuiDivider-root u-mv-0"
  />
</div>
`;

exports[`KonnectorErrors should render divider when there are errors but no installed konnector 1`] = `
<div>
  <hr
    class="MuiDivider-root u-mv-0"
  />
</div>
`;

exports[`KonnectorErrors should render divider when there are no errors 1`] = `
<div>
  <hr
    class="MuiDivider-root u-mv-0"
  />
</div>
`;
