// Jest Snapshot v1, https://goo.gl/fbAQLP

exports[`BillChip should render a Chip 1`] = `
<Component
  fileId="deadbeef"
  key="deadbeef"
>
  <Chip
    component="button"
    size="small"
    theme="normal"
    variant="outlined"
  >
    <FileIcon
      className="u-flex-shrink-0"
    />
    Transactions.actions.attachedDocs.billWithoutVendor
  </Chip>
</Component>
`;
