// Jest Snapshot v1, https://goo.gl/fbAQLP

exports[`LateHealthReimbursement should return push content for lang en 1`] = `"1 late health reimbursement"`;

exports[`LateHealthReimbursement should return push content for lang en 2`] = `"2 late health reimbursements"`;

exports[`LateHealthReimbursement should return push content for lang fr 1`] = `"1 remboursement de santé en retard"`;

exports[`LateHealthReimbursement should return push content for lang fr 2`] = `"2 remboursements de santé en retard"`;
