// Jest Snapshot v1, https://goo.gl/fbAQLP

exports[`DumbAppCard should render correctly if the platform matches with the current device 1`] = `"<a class=\\"styles__c-card___YgP7B Card\\" href=\\"http://some.thing\\" target=\\"_blank\\"><svg class=\\"styles__icon___23x3R\\" style=\\"fill: var(--coolGrey);\\" width=\\"16\\" height=\\"16\\"><use xlink:href=\\"#phone\\"></use></svg><div class=\\"u-ml-1\\"><p class=\\"MuiTypography-root MuiTypography-body1\\">Open the application</p><span class=\\"MuiTypography-root MuiTypography-caption MuiTypography-colorTextSecondary\\">On my phone</span></div></a>"`;

exports[`DumbPhoneCard should render correctly with number and price 1`] = `"<a class=\\"styles__c-card___YgP7B Card\\" href=\\"tel:01 23 45 67 89\\"><svg class=\\"styles__icon___23x3R\\" style=\\"fill: var(--coolGrey);\\" width=\\"16\\" height=\\"16\\"><use xlink:href=\\"#test-file-stub\\"></use></svg><div class=\\"u-ml-1\\"><p class=\\"MuiTypography-root MuiTypography-body1\\">01 23 45 67 89</p><span class=\\"MuiTypography-root MuiTypography-caption MuiTypography-colorTextSecondary\\">0,06€/min + call price</span></div></a>"`;

exports[`DumbPhoneCard should render correctly with only number 1`] = `"<a class=\\"styles__c-card___YgP7B Card\\" href=\\"tel:01 23 45 67 89\\"><svg class=\\"styles__icon___23x3R\\" style=\\"fill: var(--coolGrey);\\" width=\\"16\\" height=\\"16\\"><use xlink:href=\\"#test-file-stub\\"></use></svg><div class=\\"u-ml-1\\"><p class=\\"MuiTypography-root MuiTypography-body1\\">01 23 45 67 89</p><span class=\\"MuiTypography-root MuiTypography-caption MuiTypography-colorTextSecondary\\">Not surcharged call</span></div></a>"`;

exports[`DumbWebCard should render correctly 1`] = `"<a class=\\"styles__c-card___YgP7B Card\\" href=\\"https://ameli.fr\\" target=\\"_blank\\"><svg class=\\"styles__icon___23x3R\\" style=\\"fill: var(--coolGrey);\\" width=\\"16\\" height=\\"16\\"><use xlink:href=\\"#test-file-stub\\"></use></svg><div class=\\"u-ml-1\\"><p class=\\"MuiTypography-root MuiTypography-body1\\">Send my care sheet</p><span class=\\"MuiTypography-root MuiTypography-caption MuiTypography-colorTextSecondary\\">ameli.fr</span></div></a>"`;
