// Jest Snapshot v1, https://goo.gl/fbAQLP

exports[`DumbReimbursementStatusAction modal item context should render correctly for a late reimbursement 1`] = `"<div class=\\"media TransactionModalRow TransactionModalRow-clickable u-pl-1-half\\"><div class=\\"img TransactionModalRowIcon\\"><svg class=\\"icon\\" width=\\"16\\" height=\\"16\\"><use xlink:href=\\"#test-file-stub\\"></use></svg></div><div class=\\"bd TransactionModalRowContent\\">Transactions.actions.reimbursementStatus.late</div></div>"`;

exports[`DumbReimbursementStatusAction modal item context should render correctly for a pending reimbursement 1`] = `"<div class=\\"media TransactionModalRow TransactionModalRow-clickable u-pl-1-half\\"><div class=\\"img TransactionModalRowIcon\\"><svg class=\\"icon\\" width=\\"16\\" height=\\"16\\"><use xlink:href=\\"#test-file-stub\\"></use></svg></div><div class=\\"bd TransactionModalRowContent\\">Transactions.actions.reimbursementStatus.pending</div></div>"`;

exports[`DumbReimbursementStatusAction modal item context should render correctly for a reimbursed transaction 1`] = `"<div class=\\"media TransactionModalRow TransactionModalRow-clickable u-pl-1-half\\"><div class=\\"img TransactionModalRowIcon\\"><svg class=\\"icon\\" width=\\"16\\" height=\\"16\\"><use xlink:href=\\"#test-file-stub\\"></use></svg></div><div class=\\"bd TransactionModalRowContent\\">Transactions.actions.reimbursementStatus.reimbursed</div></div>"`;

exports[`DumbReimbursementStatusAction modal item context should render correctly for a transaction that will not be reimbursed 1`] = `"<div class=\\"media TransactionModalRow TransactionModalRow-clickable u-pl-1-half\\"><div class=\\"img TransactionModalRowIcon\\"><svg class=\\"icon\\" width=\\"16\\" height=\\"16\\"><use xlink:href=\\"#test-file-stub\\"></use></svg></div><div class=\\"bd TransactionModalRowContent\\">Transactions.actions.reimbursementStatus.no-reimbursement</div></div>"`;

exports[`DumbReimbursementStatusAction transaction row context should render correctly for a late reimbursement 1`] = `"<div class=\\"c-chip c-chip--smallSize c-chip--outlinedVariant c-chip--errorTheme u-breakword c-chip--hoverableErrorTheme c-chip--clickable\\">Transactions.actions.reimbursementStatus.late<span class=\\"c-chip-separator\\"></span><svg class=\\"icon\\" width=\\"12\\" height=\\"12\\"><use xlink:href=\\"#hourglass\\"></use></svg></div>"`;

exports[`DumbReimbursementStatusAction transaction row context should render correctly for a pending reimbursement 1`] = `"<div class=\\"c-chip c-chip--smallSize c-chip--outlinedVariant c-chip--normalTheme u-breakword c-chip--outlinedNormalTheme c-chip--hoverableNormalTheme c-chip--clickable\\">Transactions.actions.reimbursementStatus.pending<span class=\\"c-chip-separator\\"></span><svg class=\\"icon\\" width=\\"12\\" height=\\"12\\"><use xlink:href=\\"#hourglass\\"></use></svg></div>"`;

exports[`DumbReimbursementStatusAction transaction row context should render correctly for a reimbursed transaction 1`] = `"<div class=\\"c-chip c-chip--smallSize c-chip--outlinedVariant c-chip--normalTheme u-breakword c-chip--outlinedNormalTheme c-chip--hoverableNormalTheme c-chip--clickable u-valid\\">Transactions.actions.reimbursementStatus.reimbursed</div>"`;

exports[`DumbReimbursementStatusAction transaction row context should render correctly for a transaction that will not be reimbursed 1`] = `""`;
